-----------------------------------------------------------------------------------------------------
      name:  <unnamed>
       log:  /home/patrickgillespie/Documents/lin_forpatrick/Task 4/Data_Analysis/analysis/logs/resul
> ts/29_May_2012_18_54_23.log
  log type:  text
 opened on:  29 May 2012, 18:54:23

. 
. xtreg oilseedrapeuaa policy sizeclass setasideuaa ln_labour ln_ffi solvency intensity specialise i.
> year year#mscode if country!="DAN", fe
note: 2007.year omitted because of collinearity
note: 1999b.year#3.mscode omitted because of collinearity
note: 1999b.year#4.mscode omitted because of collinearity
note: 1999b.year#8.mscode omitted because of collinearity
note: 1999b.year#9.mscode omitted because of collinearity
note: 1999b.year#12.mscode omitted because of collinearity
note: 1999b.year#13.mscode omitted because of collinearity
note: 2000.year#6.mscode omitted because of collinearity
note: 2000.year#14.mscode omitted because of collinearity
note: 2003.year#7.mscode omitted because of collinearity
note: 2007.year#5.mscode omitted because of collinearity
note: 2007.year#10.mscode omitted because of collinearity
note: 2007.year#11.mscode omitted because of collinearity

Fixed-effects (within) regression               Number of obs      =     75728
Group variable: pid                             Number of groups   =     10440

R-sq:  within  = 0.0522                         Obs per group: min =         2
       between = 0.2405                                        avg =       7.3
       overall = 0.1548                                        max =         9

                                                F(111,65177)       =     32.37
corr(u_i, Xb)  = -0.5074                        Prob > F           =    0.0000

------------------------------------------------------------------------------
oilseedrap~a |      Coef.   Std. Err.      t    P>|t|     [95% Conf. Interval]
-------------+----------------------------------------------------------------
      policy |  -2.057775   .4090992    -5.03   0.000    -2.859609    -1.25594
   sizeclass |   .6439449   .0982651     6.55   0.000     .4513453    .8365445
 setasideuaa |  -.2240565   .0052427   -42.74   0.000    -.2343323   -.2137807
   ln_labour |   .2395814   .1985357     1.21   0.228    -.1495486    .6287115
      ln_ffi |  -.0078888   .0174189    -0.45   0.651      -.04203    .0262523
    solvency |   .2138702   .2981285     0.72   0.473    -.3704618    .7982022
   intensity |  -1.619563   1.332595    -1.22   0.224    -4.231449    .9923227
  specialise |   .3254109   .1582278     2.06   0.040     .0152844    .6355374
             |
        year |
       2000  |  -4.696068   .4119875   -11.40   0.000    -5.503564   -3.888573
       2001  |   -4.08397   .4058441   -10.06   0.000    -4.879424   -3.288515
       2002  |  -1.962174    .400815    -4.90   0.000    -2.747771   -1.176576
       2003  |  -1.343307   .4010807    -3.35   0.001    -2.129425   -.5571884
       2004  |   1.478178   .3656187     4.04   0.000     .7615654    2.194791
       2005  |   2.973384   .3608537     8.24   0.000     2.266111    3.680658
       2006  |   6.506754   .3705629    17.56   0.000      5.78045    7.233057
       2007  |  (omitted)
             |
 year#mscode |
    1999  3  |  (omitted)
    1999  4  |  (omitted)
    1999  5  |  -3.173547   .5779939    -5.49   0.000    -4.306415   -2.040678
    1999  6  |  -4.265576      2.279    -1.87   0.061    -8.732418    .2012655
    1999  7  |   2.863063   1.000583     2.86   0.004     .9019201    4.824206
    1999  8  |  (omitted)
    1999  9  |  (omitted)
    1999 10  |  -2.095636   .9205283    -2.28   0.023    -3.899872   -.2914005
    1999 11  |  -1.114143     1.7699    -0.63   0.529    -4.583148    2.354861
    1999 12  |  (omitted)
    1999 13  |  (omitted)
    1999 14  |  -1.847439     1.7241    -1.07   0.284    -5.226676    1.531798
    2000  3  |   4.561334   .6547804     6.97   0.000     3.277964    5.844704
    2000  4  |   3.499902   .5742005     6.10   0.000     2.374469    4.625335
    2000  5  |  -.5112817   .5586997    -0.92   0.360    -1.606333      .58377
    2000  6  |  (omitted)
    2000  7  |   6.541732   .9752874     6.71   0.000     4.630169    8.453296
    2000  8  |   2.362696   2.962158     0.80   0.425    -3.443135    8.168527
    2000  9  |   4.696547   1.568268     2.99   0.003      1.62274    7.770354
    2000 10  |   1.724623   .9057613     1.90   0.057      -.05067    3.499915
    2000 11  |   4.254221   1.667071     2.55   0.011      .986762    7.521681
    2000 12  |    4.72335     1.1777     4.01   0.000     2.415058    7.031642
    2000 13  |   3.121718   1.123057     2.78   0.005     .9205264    5.322909
    2000 14  |  (omitted)
    2001  3  |   3.700219   .6375827     5.80   0.000     2.450557    4.949881
    2001  4  |   3.615565   .5663969     6.38   0.000     2.505427    4.725703
    2001  5  |  -1.689553   .5435069    -3.11   0.002    -2.754826   -.6242787
    2001  6  |  -.6919255   2.158124    -0.32   0.749    -4.921849    3.537998
    2001  7  |   5.753444   .9184796     6.26   0.000     3.953223    7.553664
    2001  8  |   2.477998   2.875904     0.86   0.389    -3.158775    8.114771
    2001  9  |     3.9363   1.474257     2.67   0.008     1.046756    6.825844
    2001 10  |   1.345849   .8786165     1.53   0.126      -.37624    3.067937
    2001 11  |   3.703622   1.655456     2.24   0.025     .4589284    6.948316
    2001 12  |   4.067442   1.176997     3.46   0.001     1.760528    6.374356
    2001 13  |    2.28154   1.106468     2.06   0.039      .112862    4.450219
    2001 14  |  -3.214581   1.420505    -2.26   0.024    -5.998772   -.4303911
    2002  3  |   1.638505   .6290717     2.60   0.009     .4055242    2.871486
    2002  4  |    .699166   .5616719     1.24   0.213    -.4017111    1.800043
    2002  5  |  -5.722065   .5247683   -10.90   0.000    -6.750611   -4.693519
    2002  6  |  -2.656449   2.049682    -1.30   0.195    -6.673827    1.360929
    2002  7  |   2.166309   .8703865     2.49   0.013     .4603512    3.872267
    2002  8  |  -.2570794   2.784413    -0.09   0.926     -5.71453    5.200371
    2002  9  |   1.981447   1.450402     1.37   0.172    -.8613422    4.824236
    2002 10  |  -.4873401   .8859943    -0.55   0.582    -2.223889    1.249209
    2002 11  |   .6320181   1.600062     0.39   0.693    -2.504104     3.76814
    2002 12  |     2.0132   1.143455     1.76   0.078    -.2279716    4.254372
    2002 13  |   2.286937   1.108098     2.06   0.039     .1150655    4.458809
    2002 14  |  -8.638636    1.40494    -6.15   0.000    -11.39232   -5.884954
    2003  3  |   .6224999   .6278413     0.99   0.321    -.6080694    1.853069
    2003  4  |   .0092326   .5618733     0.02   0.987    -1.092039    1.110504
    2003  5  |  -5.213706   .5263178    -9.91   0.000    -6.245289   -4.182123
    2003  6  |  -2.871442   2.056188    -1.40   0.163    -6.901572    1.158687
    2003  7  |  (omitted)
    2003  8  |  -.6708146   2.789193    -0.24   0.810    -6.137634    4.796004
    2003  9  |   1.373397   1.456192     0.94   0.346    -1.480739    4.227534
    2003 10  |  -1.274367   .8907968    -1.43   0.153    -3.020329    .4715953
    2003 11  |   .2564951   1.601152     0.16   0.873    -2.881763    3.394754
    2003 12  |   2.673653   1.140486     2.34   0.019        .4383    4.909007
    2003 13  |    .920492   1.107051     0.83   0.406    -1.249329    3.090313
    2003 14  |  -4.082948   1.399986    -2.92   0.004     -6.82692   -1.338976
    2004  3  |  -.2376694   .6250822    -0.38   0.704    -1.462831     .987492
    2004  4  |  -.6090547   .5589647    -1.09   0.276    -1.704626    .4865163
    2004  5  |  -6.355468   .5234633   -12.14   0.000    -7.381457    -5.32948
    2004  6  |  -4.013198   2.045868    -1.96   0.050    -8.023099   -.0032969
    2004  7  |    .489198   .9108385     0.54   0.591    -1.296046    2.274442
    2004  8  |   .0568774   2.770614     0.02   0.984    -5.373526    5.487281
    2004  9  |   .7162128   1.445462     0.50   0.620    -2.116893    3.549319
    2004 10  |  -2.081267   .8759818    -2.38   0.018    -3.798192   -.3643428
    2004 11  |  -1.241707   1.606351    -0.77   0.440    -4.390155    1.906741
    2004 12  |   2.308547   1.141247     2.02   0.043     .0717025    4.545391
    2004 13  |   2.487176   1.096463     2.27   0.023     .3381092    4.636244
    2004 14  |  -5.596041   1.396476    -4.01   0.000    -8.333135   -2.858948
    2005  3  |  -1.694204   .6210405    -2.73   0.006    -2.911443   -.4769642
    2005  4  |  -2.281408   .5550662    -4.11   0.000    -3.369338   -1.193478
    2005  5  |  -6.091563   .5188211   -11.74   0.000    -7.108452   -5.074673
    2005  6  |   -4.90602   2.044823    -2.40   0.016    -8.913874   -.8981658
    2005  7  |  -.9209043   .8918674    -1.03   0.302    -2.668965    .8271561
    2005  8  |   -2.49191   2.796926    -0.89   0.373    -7.973887    2.990067
    2005  9  |  -.6445081   1.440879    -0.45   0.655    -3.468631    2.179615
    2005 10  |  -3.156481   .8676249    -3.64   0.000    -4.857026   -1.455936
    2005 11  |  -4.164747   1.622789    -2.57   0.010    -7.345414   -.9840793
    2005 12  |   1.117541   1.133541     0.99   0.324    -1.104201    3.339282
    2005 13  |   1.601916    1.09832     1.46   0.145    -.5507916    3.754623
    2005 14  |  -3.725311   1.391524    -2.68   0.007    -6.452698   -.9979238
    2006  3  |  -5.128572   .6523514    -7.86   0.000    -6.407181   -3.849963
    2006  4  |  -6.126551   .5742734   -10.67   0.000    -7.252127   -5.000975
    2006  5  |  -8.228676   .5322216   -15.46   0.000     -9.27183   -7.185521
    2006  6  |   -8.44124   2.123155    -3.98   0.000    -12.60262   -4.279856
    2006  7  |  -2.473534   .9044164    -2.73   0.006    -4.246191   -.7008776
    2006  8  |  -2.991334   2.911646    -1.03   0.304    -8.698162    2.715494
    2006  9  |  -4.871632   1.468572    -3.32   0.001    -7.750034    -1.99323
    2006 10  |  -5.707057   .8788064    -6.49   0.000    -7.429518   -3.984596
    2006 11  |  -8.230046   1.629829    -5.05   0.000    -11.42451   -5.035581
    2006 12  |  -.9446405   1.158206    -0.82   0.415    -3.214725    1.325444
    2006 13  |  -1.116985   1.136071    -0.98   0.326    -3.343684    1.109714
    2006 14  |  -8.134907   1.418967    -5.73   0.000    -10.91608   -5.353732
    2007  3  |    1.56376   .6710287     2.33   0.020     .2485432    2.878976
    2007  4  |  -.8000045   .5893856    -1.36   0.175    -1.955201    .3551915
    2007  5  |  (omitted)
    2007  6  |  -1.301008   2.148912    -0.61   0.545    -5.512875     2.91086
    2007  7  |   2.193076   .9337731     2.35   0.019     .3628807    4.023272
    2007  8  |   3.292082   2.916167     1.13   0.259    -2.423607    9.007771
    2007  9  |   1.775757   1.489864     1.19   0.233    -1.144378    4.695892
    2007 10  |  (omitted)
    2007 11  |  (omitted)
    2007 12  |   4.263319   1.173095     3.63   0.000     1.964051    6.562586
    2007 13  |   6.312113   1.160731     5.44   0.000     4.037079    8.587147
    2007 14  |  -1.704197   1.437848    -1.19   0.236     -4.52238    1.113985
             |
       _cons |   10.21187   1.637425     6.24   0.000      7.00252    13.42123
-------------+----------------------------------------------------------------
     sigma_u |  45.023553
     sigma_e |  10.933926
         rho |  .94430878   (fraction of variance due to u_i)
------------------------------------------------------------------------------
F test that all u_i=0:     F(10439, 65177) =    55.84        Prob > F = 0.0000

. 
. xtreg osrape_prop policy sizeclass setasideuaa ln_labour ln_ffi solvency intensity i.year year#msco
> de if country!="DAN", fe
note: 2007.year omitted because of collinearity
note: 1999b.year#3.mscode omitted because of collinearity
note: 1999b.year#4.mscode omitted because of collinearity
note: 1999b.year#8.mscode omitted because of collinearity
note: 1999b.year#9.mscode omitted because of collinearity
note: 1999b.year#12.mscode omitted because of collinearity
note: 1999b.year#13.mscode omitted because of collinearity
note: 2000.year#6.mscode omitted because of collinearity
note: 2000.year#14.mscode omitted because of collinearity
note: 2003.year#7.mscode omitted because of collinearity
note: 2007.year#5.mscode omitted because of collinearity
note: 2007.year#10.mscode omitted because of collinearity
note: 2007.year#11.mscode omitted because of collinearity

Fixed-effects (within) regression               Number of obs      =     75738
Group variable: pid                             Number of groups   =     10440

R-sq:  within  = 0.0349                         Obs per group: min =         2
       between = 0.0293                                        avg =       7.3
       overall = 0.0040                                        max =         9

                                                F(110,65188)       =     21.43
corr(u_i, Xb)  = -0.2416                        Prob > F           =    0.0000

------------------------------------------------------------------------------
 osrape_prop |      Coef.   Std. Err.      t    P>|t|     [95% Conf. Interval]
-------------+----------------------------------------------------------------
      policy |  -.0039081   .0020948    -1.87   0.062     -.008014    .0001977
   sizeclass |  -.0019657   .0005033    -3.91   0.000    -.0029522   -.0009791
 setasideuaa |  -.0003785   .0000269   -14.09   0.000    -.0004311   -.0003258
   ln_labour |  -.0029786   .0010164    -2.93   0.003    -.0049708   -.0009864
      ln_ffi |  -.0001362   .0000892    -1.53   0.127     -.000311    .0000386
    solvency |   .0001796   .0015273     0.12   0.906    -.0028138     .003173
   intensity |  -.0128185   .0068195    -1.88   0.060    -.0261848    .0005478
             |
        year |
       2000  |  -.0175379   .0021106    -8.31   0.000    -.0216746   -.0134011
       2001  |  -.0175353   .0020791    -8.43   0.000    -.0216105   -.0134602
       2002  |  -.0065442   .0020534    -3.19   0.001    -.0105688   -.0025195
       2003  |  -.0066794   .0020547    -3.25   0.001    -.0107066   -.0026522
       2004  |  -.0002354   .0018726    -0.13   0.900    -.0039056    .0034349
       2005  |   .0015112   .0018478     0.82   0.413    -.0021105    .0051329
       2006  |   .0193156   .0018982    10.18   0.000     .0155952     .023036
       2007  |  (omitted)
             |
 year#mscode |
    1999  3  |  (omitted)
    1999  4  |  (omitted)
    1999  5  |   .0022161   .0029608     0.75   0.454     -.003587    .0080192
    1999  6  |  -.0136498   .0116753    -1.17   0.242    -.0365335    .0092338
    1999  7  |   .0339373    .005126     6.62   0.000     .0238903    .0439843
    1999  8  |  (omitted)
    1999  9  |  (omitted)
    1999 10  |   .0117911   .0047158     2.50   0.012     .0025481    .0210341
    1999 11  |   .0105629   .0090353     1.17   0.242    -.0071463     .028272
    1999 12  |  (omitted)
    1999 13  |  (omitted)
    1999 14  |  -.0068553   .0088326    -0.78   0.438    -.0241672    .0104566
    2000  3  |   .0138234   .0033544     4.12   0.000     .0072487    .0203981
    2000  4  |   .0051184    .002941     1.74   0.082    -.0006459    .0108827
    2000  5  |   .0054822    .002862     1.92   0.055    -.0001273    .0110916
    2000  6  |  (omitted)
    2000  7  |   .0330193   .0049964     6.61   0.000     .0232263    .0428122
    2000  8  |  -.0090262    .015175    -0.59   0.552    -.0387692    .0207169
    2000  9  |   .0176119   .0080343     2.19   0.028     .0018647    .0333591
    2000 10  |   .0102017   .0046402     2.20   0.028     .0011069    .0192966
    2000 11  |   .0310919   .0085094     3.65   0.000     .0144134    .0477703
    2000 12  |   .0149181   .0060333     2.47   0.013     .0030929    .0267434
    2000 13  |   .0007673   .0057534     0.13   0.894    -.0105094     .012044
    2000 14  |  (omitted)
    2001  3  |   .0088515   .0032663     2.71   0.007     .0024495    .0152536
    2001  4  |   .0087457   .0029006     3.02   0.003     .0030606    .0144309
    2001  5  |  -.0008251   .0027843    -0.30   0.767    -.0062823     .004632
    2001  6  |  -.0068544   .0110561    -0.62   0.535    -.0285244    .0148155
    2001  7  |   .0412537   .0047054     8.77   0.000     .0320311    .0504763
    2001  8  |  -.0046351   .0147328    -0.31   0.753    -.0335113    .0242412
    2001  9  |   .0155747   .0075526     2.06   0.039     .0007715    .0303779
    2001 10  |   .0132409   .0045011     2.94   0.003     .0044186    .0220632
    2001 11  |   .0291883   .0084502     3.45   0.001     .0126258    .0457507
    2001 12  |   .0138783   .0060297     2.30   0.021       .00206    .0256966
    2001 13  |  -.0012326   .0056685    -0.22   0.828    -.0123428    .0098775
    2001 14  |  -.0157186   .0072773    -2.16   0.031     -.029982   -.0014551
    2002  3  |  -.0004379   .0032227    -0.14   0.892    -.0067544    .0058786
    2002  4  |  -.0148885   .0028769    -5.18   0.000    -.0205271   -.0092499
    2002  5  |  -.0277687   .0026882   -10.33   0.000    -.0330376   -.0224999
    2002  6  |  -.0167044   .0105005    -1.59   0.112    -.0372854    .0038766
    2002  7  |  -.0006657    .004459    -0.15   0.881    -.0094053     .008074
    2002  8  |  -.0245334   .0142646    -1.72   0.085    -.0524919    .0034252
    2002  9  |   .0044674   .0074304     0.60   0.548    -.0100962     .019031
    2002 10  |   .0037321   .0045389     0.82   0.411    -.0051641    .0126283
    2002 11  |   .0113638   .0081675     1.39   0.164    -.0046445    .0273721
    2002 12  |   .0000324   .0058579     0.01   0.996    -.0114491    .0115139
    2002 13  |   .0032078   .0056768     0.57   0.572    -.0079187    .0143344
    2002 14  |  -.0362011   .0071975    -5.03   0.000    -.0503082   -.0220939
    2003  3  |  -.0060074   .0032163    -1.87   0.062    -.0123113    .0002966
    2003  4  |  -.0168245   .0028779    -5.85   0.000    -.0224651   -.0111838
    2003  5  |  -.0199952   .0026963    -7.42   0.000    -.0252799   -.0147104
    2003  6  |  -.0143523   .0105339    -1.36   0.173    -.0349987    .0062941
    2003  7  |  (omitted)
    2003  8  |  -.0221073   .0142891    -1.55   0.122    -.0501138    .0058993
    2003  9  |   .0053096   .0074601     0.71   0.477    -.0093121    .0199314
    2003 10  |  -.0002744   .0045636    -0.06   0.952     -.009219    .0086702
    2003 11  |   .0145153   .0081811     1.77   0.076    -.0015196    .0305503
    2003 12  |   .0117428   .0058427     2.01   0.044     .0002911    .0231946
    2003 13  |  -.0029907   .0056714    -0.53   0.598    -.0141067    .0081254
    2003 14  |  -.0125661   .0071721    -1.75   0.080    -.0266234    .0014913
    2004  3  |   -.010322   .0032022    -3.22   0.001    -.0165983   -.0040458
    2004  4  |  -.0181497    .002863    -6.34   0.000    -.0237611   -.0125383
    2004  5  |  -.0255128   .0026817    -9.51   0.000    -.0307689   -.0202567
    2004  6  |  -.0201298    .010481    -1.92   0.055    -.0406725     .000413
    2004  7  |  -.0008309   .0046662    -0.18   0.859    -.0099767    .0083149
    2004  8  |  -.0001117   .0141938    -0.01   0.994    -.0279316    .0277082
    2004  9  |   .0032276    .007405     0.44   0.663    -.0112862    .0177413
    2004 10  |  -.0042133   .0044877    -0.94   0.348    -.0130091    .0045825
    2004 11  |   .0051213   .0082072     0.62   0.533    -.0109647    .0212073
    2004 12  |   .0159688   .0058466     2.73   0.006     .0045094    .0274282
    2004 13  |   .0108002   .0056172     1.92   0.055    -.0002095    .0218099
    2004 14  |  -.0198912   .0071542    -2.78   0.005    -.0339134    -.005869
    2005  3  |  -.0119713   .0031816    -3.76   0.000    -.0182072   -.0057355
    2005  4  |  -.0252694   .0028421    -8.89   0.000    -.0308399   -.0196989
    2005  5  |  -.0186043   .0026579    -7.00   0.000    -.0238138   -.0133949
    2005  6  |  -.0109257   .0104756    -1.04   0.297     -.031458    .0096065
    2005  7  |  -.0036148   .0045691    -0.79   0.429    -.0125701    .0053406
    2005  8  |  -.0159464   .0143287    -1.11   0.266    -.0440306    .0121378
    2005  9  |   .0015244   .0073816     0.21   0.836    -.0129435    .0159923
    2005 10  |  -.0007292   .0044448    -0.16   0.870    -.0094411    .0079826
    2005 11  |  -.0041758   .0082915    -0.50   0.615     -.020427    .0120755
    2005 12  |    .015182   .0058071     2.61   0.009     .0038001     .026564
    2005 13  |   .0122213   .0056267     2.17   0.030     .0011929    .0232496
    2005 14  |  -.0126479   .0071288    -1.77   0.076    -.0266203    .0013246
    2006  3  |  -.0257006   .0033406    -7.69   0.000    -.0322481    -.019153
    2006  4  |  -.0465116   .0029414   -15.81   0.000    -.0522767   -.0407465
    2006  5  |  -.0275719   .0027266   -10.11   0.000     -.032916   -.0222278
    2006  6  |  -.0329709   .0108767    -3.03   0.002    -.0542891   -.0116526
    2006  7  |  -.0142158   .0046333    -3.07   0.002     -.023297   -.0051345
    2006  8  |  -.0209808   .0149164    -1.41   0.160     -.050217    .0082554
    2006  9  |  -.0167224   .0075234    -2.22   0.026    -.0314684   -.0019765
    2006 10  |  -.0031411   .0045021    -0.70   0.485    -.0119652    .0056831
    2006 11  |  -.0262615   .0083079    -3.16   0.002     -.042545    -.009978
    2006 12  |    .009054   .0059335     1.53   0.127    -.0025757    .0206837
    2006 13  |   .0040347   .0058199     0.69   0.488    -.0073724    .0154417
    2006 14  |   -.031523   .0072694    -4.34   0.000    -.0457709    -.017275
    2007  3  |  -.0042173   .0034367    -1.23   0.220    -.0109533    .0025188
    2007  4  |  -.0156719   .0030187    -5.19   0.000    -.0215887   -.0097552
    2007  5  |  (omitted)
    2007  6  |   -.010918   .0110088    -0.99   0.321    -.0324953    .0106593
    2007  7  |  -.0105918   .0047835    -2.21   0.027    -.0199675   -.0012161
    2007  8  |   .0196207   .0149396     1.31   0.189    -.0096608    .0489022
    2007  9  |   .0036478   .0076321     0.48   0.633    -.0113111    .0186067
    2007 10  |  (omitted)
    2007 11  |  (omitted)
    2007 12  |   .0115936   .0060097     1.93   0.054    -.0001855    .0233726
    2007 13  |   .0216678   .0059464     3.64   0.000     .0100127    .0333228
    2007 14  |  -.0146884   .0073661    -1.99   0.046     -.029126   -.0002509
             |
       _cons |   .1262775   .0083485    15.13   0.000     .1099145    .1426405
-------------+----------------------------------------------------------------
     sigma_u |  .09633854
     sigma_e |  .05601475
         rho |  .74734593   (fraction of variance due to u_i)
------------------------------------------------------------------------------
F test that all u_i=0:     F(10439, 65188) =    15.76        Prob > F = 0.0000

. 
. STOP!!!
unrecognized command:  STOP
r(199);

end of do-file
r(199);

end of do-file

r(199);

. xtreg osrape_prop policy sizeclass setasideuaa ln_labour ln_ffi solvency intensity i.year year#msco
> de if [country=="DAN" & year!=2007], fe
note: 2000.year omitted because of collinearity
note: 2006.year omitted because of collinearity
note: 2000.year#1.mscode omitted because of collinearity
note: 2001.year#1.mscode omitted because of collinearity
note: 2002.year#1.mscode omitted because of collinearity
note: 2003.year#1.mscode omitted because of collinearity
note: 2004.year#1.mscode omitted because of collinearity
note: 2005.year#1.mscode omitted because of collinearity
note: 2006.year#1.mscode omitted because of collinearity

Fixed-effects (within) regression               Number of obs      =      2452
Group variable: pid                             Number of groups   =       423

R-sq:  within  = 0.0594                         Obs per group: min =         2
       between = 0.0087                                        avg =       5.8
       overall = 0.0314                                        max =         8

                                                F(13,2016)         =      9.79
corr(u_i, Xb)  = -0.0533                        Prob > F           =    0.0000

------------------------------------------------------------------------------
 osrape_prop |      Coef.   Std. Err.      t    P>|t|     [95% Conf. Interval]
-------------+----------------------------------------------------------------
      policy |    .014096   .0054566     2.58   0.010     .0033949    .0247971
   sizeclass |   .0014476   .0042436     0.34   0.733    -.0068747      .00977
 setasideuaa |  -.0010404   .0002424    -4.29   0.000    -.0015159    -.000565
   ln_labour |   .0041923    .006458     0.65   0.516    -.0084728    .0168574
      ln_ffi |   .0000381   .0003449     0.11   0.912    -.0006383    .0007144
    solvency |  -.0196767   .0145331    -1.35   0.176    -.0481781    .0088247
   intensity |  -.0459316   .0390743    -1.18   0.240    -.1225618    .0306986
             |
        year |
       2000  |  (omitted)
       2001  |   -.005608   .0050187    -1.12   0.264    -.0154504    .0042344
       2002  |  -.0088848   .0051773    -1.72   0.086    -.0190382    .0012685
       2003  |   .0030694   .0051426     0.60   0.551    -.0070159    .0131546
       2004  |   -.001031   .0044312    -0.23   0.816    -.0097212    .0076593
       2005  |  -.0109009   .0044473    -2.45   0.014    -.0196226   -.0021792
       2006  |  (omitted)
             |
 year#mscode |
     1999 1  |   .0348133   .0060159     5.79   0.000     .0230152    .0466114
     2000 1  |  (omitted)
     2001 1  |  (omitted)
     2002 1  |  (omitted)
     2003 1  |  (omitted)
     2004 1  |  (omitted)
     2005 1  |  (omitted)
     2006 1  |  (omitted)
             |
       _cons |   .0349208   .0505791     0.69   0.490     -.064272    .1341135
-------------+----------------------------------------------------------------
     sigma_u |  .05528208
     sigma_e |  .05431589
         rho |  .50881503   (fraction of variance due to u_i)
------------------------------------------------------------------------------
F test that all u_i=0:     F(422, 2016) =     5.76           Prob > F = 0.0000

. xtreg osrape_prop policy sizeclass setasideuaa ln_labour ln_ffi solvency intensity i.year year#msco
> de if [year!=2007], fe
note: 2006.year omitted because of collinearity
note: 1999b.year#2.mscode omitted because of collinearity
note: 1999b.year#3.mscode omitted because of collinearity
note: 1999b.year#4.mscode omitted because of collinearity
note: 1999b.year#7.mscode omitted because of collinearity
note: 1999b.year#9.mscode omitted because of collinearity
note: 1999b.year#10.mscode omitted because of collinearity
note: 1999b.year#12.mscode omitted because of collinearity
note: 1999b.year#13.mscode omitted because of collinearity
note: 1999b.year#14.mscode omitted because of collinearity
note: 2000.year#6.mscode omitted because of collinearity
note: 2000.year#8.mscode omitted because of collinearity
note: 2006.year#5.mscode omitted because of collinearity
note: 2006.year#11.mscode omitted because of collinearity

Fixed-effects (within) regression               Number of obs      =     70731
Group variable: pid                             Number of groups   =     10863

R-sq:  within  = 0.0381                         Obs per group: min =         1
       between = 0.0234                                        avg =       6.5
       overall = 0.0048                                        max =         8

                                                F(104,59764)       =     22.75
corr(u_i, Xb)  = -0.2567                        Prob > F           =    0.0000

------------------------------------------------------------------------------
 osrape_prop |      Coef.   Std. Err.      t    P>|t|     [95% Conf. Interval]
-------------+----------------------------------------------------------------
      policy |   -.017746   .0056517    -3.14   0.002    -.0288234   -.0066686
   sizeclass |  -.0020562   .0005297    -3.88   0.000    -.0030945   -.0010179
 setasideuaa |   -.000427   .0000288   -14.81   0.000    -.0004836   -.0003705
   ln_labour |  -.0014915   .0010634    -1.40   0.161    -.0035758    .0005927
      ln_ffi |    -.00003   .0000893    -0.34   0.737    -.0002051    .0001451
    solvency |  -.0004555   .0015627    -0.29   0.771    -.0035184    .0026073
   intensity |  -.0005149   .0070378    -0.07   0.942    -.0143091    .0132792
             |
        year |
       2000  |  -.0345221    .005915    -5.84   0.000    -.0461156   -.0229287
       2001  |  -.0398478   .0056302    -7.08   0.000     -.050883   -.0288125
       2002  |  -.0432916   .0055042    -7.87   0.000    -.0540799   -.0325032
       2003  |  -.0312678   .0055546    -5.63   0.000    -.0421548   -.0203809
       2004  |  -.0027142   .0043129    -0.63   0.529    -.0111674     .005739
       2005  |  -.0129071   .0042891    -3.01   0.003    -.0213136   -.0045005
       2006  |  (omitted)
             |
 year#mscode |
    1999  2  |  (omitted)
    1999  3  |  (omitted)
    1999  4  |  (omitted)
    1999  5  |  -.0038444   .0059852    -0.64   0.521    -.0155754    .0078867
    1999  6  |  -.0304006   .0126545    -2.40   0.016    -.0552036   -.0055977
    1999  7  |  (omitted)
    1999  8  |  -.0078664   .0157607    -0.50   0.618    -.0387574    .0230246
    1999  9  |  (omitted)
    1999 10  |  (omitted)
    1999 11  |   .0033065   .0099755     0.33   0.740    -.0162454    .0228584
    1999 12  |  (omitted)
    1999 13  |  (omitted)
    1999 14  |  (omitted)
    2000  2  |   .0169225   .0062621     2.70   0.007     .0046487    .0291964
    2000  3  |   .0306557   .0064342     4.76   0.000     .0180445    .0432668
    2000  4  |   .0226314     .00624     3.63   0.000      .010401    .0348618
    2000  5  |   .0163644   .0054287     3.01   0.003     .0057241    .0270047
    2000  6  |  (omitted)
    2000  7  |   .0160223   .0072362     2.21   0.027     .0018393    .0302053
    2000  8  |  (omitted)
    2000  9  |   .0345114    .009575     3.60   0.000     .0157443    .0532785
    2000 10  |   .0152183   .0071833     2.12   0.034     .0011391    .0292976
    2000 11  |   .0410601   .0092008     4.46   0.000     .0230265    .0590938
    2000 12  |   .0314909   .0080735     3.90   0.000     .0156668     .047315
    2000 13  |   .0175329   .0078762     2.23   0.026     .0020956    .0329702
    2000 14  |    .023881   .0102233     2.34   0.019     .0038433    .0439186
    2001  2  |   .0221524   .0059847     3.70   0.000     .0104224    .0338824
    2001  3  |   .0313408   .0061397     5.10   0.000     .0193069    .0433747
    2001  4  |   .0315986   .0059633     5.30   0.000     .0199105    .0432867
    2001  5  |   .0156252   .0049231     3.17   0.002      .005976    .0252744
    2001  6  |  -.0009951   .0117327    -0.08   0.932    -.0239913    .0220012
    2001  7  |   .0305007   .0068899     4.43   0.000     .0169965    .0440049
    2001  8  |    .011175   .0139203     0.80   0.422    -.0161088    .0384588
    2001  9  |   .0376005   .0090391     4.16   0.000     .0198838    .0553171
    2001 10  |   .0238128   .0069066     3.45   0.001     .0102759    .0373497
    2001 11  |   .0445779   .0088863     5.02   0.000     .0271607     .061995
    2001 12  |   .0360027   .0078747     4.57   0.000     .0205683    .0514371
    2001 13  |   .0207636   .0076139     2.73   0.006     .0058403    .0356869
    2001 14  |   .0142663   .0089709     1.59   0.112    -.0033167    .0318492
    2002  2  |   .0371025   .0058544     6.34   0.000     .0256279    .0485771
    2002  3  |   .0363915   .0060123     6.05   0.000     .0246074    .0481757
    2002  4  |   .0224306   .0058434     3.84   0.000     .0109776    .0338836
    2002  5  |   .0033498    .004657     0.72   0.472    -.0057779    .0124776
    2002  6  |   .0043245   .0112029     0.39   0.699    -.0176332    .0262822
    2002  7  |   .0025428   .0067221     0.38   0.705    -.0106327    .0157182
    2002  8  |   .0054494   .0135217     0.40   0.687    -.0210532    .0319521
    2002  9  |   .0409379   .0088756     4.61   0.000     .0235417    .0583341
    2002 10  |   .0283961    .006841     4.15   0.000     .0149877    .0418046
    2002 11  |   .0413244   .0084666     4.88   0.000     .0247298     .057919
    2002 12  |   .0368739   .0076754     4.80   0.000     .0218299    .0519178
    2002 13  |   .0400414   .0075347     5.31   0.000     .0252732    .0548095
    2002 14  |   .0083784    .008846     0.95   0.344    -.0089599    .0257166
    2003  2  |   .0250401   .0059035     4.24   0.000     .0134692     .036611
    2003  3  |   .0187034   .0060543     3.09   0.002     .0068369    .0305698
    2003  4  |   .0083244   .0058906     1.41   0.158    -.0032213    .0198701
    2003  5  |  -.0009655   .0047324    -0.20   0.838     -.010241    .0083099
    2003  6  |  -.0051991   .0112591    -0.46   0.644     -.027267    .0168687
    2003  7  |   -.009548   .0072158    -1.32   0.186    -.0236909     .004595
    2003  8  |  -.0038343   .0134701    -0.28   0.776    -.0302358    .0225672
    2003  9  |   .0295778   .0089277     3.31   0.001     .0120795    .0470761
    2003 10  |   .0128339   .0068989     1.86   0.063    -.0006879    .0263557
    2003 11  |   .0328563    .008556     3.84   0.000     .0160865    .0496262
    2003 12  |   .0362805   .0076973     4.71   0.000     .0211937    .0513674
    2003 13  |   .0217561   .0075657     2.88   0.004     .0069272     .036585
    2003 14  |   .0199041   .0088564     2.25   0.025     .0025455    .0372626
    2004  2  |   .0162464   .0058387     2.78   0.005     .0048026    .0276902
    2004  3  |   .0061878   .0059949     1.03   0.302    -.0055621    .0179378
    2004  4  |  -.0013084   .0058299    -0.22   0.822     -.012735    .0101182
    2004  5  |  -.0148072   .0046634    -3.18   0.001    -.0239475   -.0056668
    2004  6  |  -.0193822   .0111789    -1.73   0.083     -.041293    .0025286
    2004  7  |   -.018652   .0068616    -2.72   0.007    -.0321008   -.0052032
    2004  8  |   .0098072   .0133481     0.73   0.463    -.0163552    .0359695
    2004  9  |   .0193425   .0088501     2.19   0.029     .0019962    .0366889
    2004 10  |   .0006307   .0068081     0.09   0.926    -.0127133    .0139747
    2004 11  |   .0148052    .008506     1.74   0.082    -.0018666     .031477
    2004 12  |   .0323798    .007659     4.23   0.000      .017368    .0473915
    2004 13  |   .0273163   .0074858     3.65   0.000     .0126442    .0419885
    2004 14  |   .0042261    .008809     0.48   0.631    -.0130396    .0214918
    2005  2  |   .0281913   .0057968     4.86   0.000     .0168296     .039553
    2005  3  |   .0164711   .0059607     2.76   0.006     .0047881    .0281541
    2005  4  |    .003679   .0057954     0.63   0.526      -.00768     .015038
    2005  5  |   .0041074   .0046389     0.89   0.376    -.0049849    .0131997
    2005  6  |   .0016281    .011167     0.15   0.884    -.0202594    .0235155
    2005  7  |  -.0092207   .0067654    -1.36   0.173    -.0224808    .0040395
    2005  8  |   .0065447   .0134838     0.49   0.627    -.0198835    .0329729
    2005  9  |   .0294962   .0088154     3.35   0.001     .0122179    .0467745
    2005 10  |   .0159294   .0067607     2.36   0.018     .0026784    .0291804
    2005 11  |   .0176082   .0085804     2.05   0.040     .0007905    .0344258
    2005 12  |   .0438752   .0076103     5.77   0.000     .0289591    .0587914
    2005 13  |   .0406527    .007473     5.44   0.000     .0260055    .0552998
    2005 14  |   .0233323   .0087703     2.66   0.008     .0061424    .0405222
    2006  2  |   .0330918   .0060061     5.51   0.000     .0213199    .0448638
    2006  3  |   .0078434   .0061984     1.27   0.206    -.0043055    .0199922
    2006  4  |  -.0127344   .0060023    -2.12   0.034     -.024499   -.0009698
    2006  5  |  (omitted)
    2006  6  |  -.0156869   .0116159    -1.35   0.177    -.0384541    .0070804
    2006  7  |  -.0144852   .0069162    -2.09   0.036    -.0280408   -.0009295
    2006  8  |   .0064623    .014157     0.46   0.648    -.0212854      .03421
    2006  9  |   .0159693   .0090382     1.77   0.077    -.0017456    .0336843
    2006 10  |   .0186617   .0069613     2.68   0.007     .0050175     .032306
    2006 11  |  (omitted)
    2006 12  |   .0428079   .0078276     5.47   0.000     .0274658      .05815
    2006 13  |   .0374154    .007735     4.84   0.000     .0222547    .0525761
    2006 14  |   .0090305    .008982     1.01   0.315    -.0085742    .0266352
             |
       _cons |   .1171212   .0087702    13.35   0.000     .0999316    .1343108
-------------+----------------------------------------------------------------
     sigma_u |  .09606927
     sigma_e |  .05441912
         rho |  .75707464   (fraction of variance due to u_i)
------------------------------------------------------------------------------
F test that all u_i=0:     F(10862, 59764) =    15.05        Prob > F = 0.0000

. gen diesel =0

. replace diesel = 1 if country=="DAN"
(2453 real changes made)

. replace diesel = 1 if country=="DEU"
(16370 real changes made)

. replace diesel = 1 if country=="FRA"
(16430 real changes made)

. replace diesel = 1 if country=="ITA"
(4137 real changes made)

. replace diesel = 1 if country=="OST"
(3468 real changes made)

. replace diesel = 1 if country=="UKI"
(3075 real changes made)

. xtreg osrape_prop policy sizeclass setasideuaa ln_labour ln_ffi solvency intensity i.year year#msco
> de if [diesel = 1 & year!=2007], fe
diesel=1 invalid name
r(198);

. xtreg osrape_prop policy sizeclass setasideuaa ln_labour ln_ffi solvency intensity i.year year#msco
> de if [diesel == 1 & year!=2007], fe
note: 2006.year omitted because of collinearity
note: 1999b.year#2.mscode omitted because of collinearity
note: 1999b.year#5.mscode omitted because of collinearity
note: 1999b.year#10.mscode omitted because of collinearity
note: 1999b.year#14.mscode omitted because of collinearity
note: 2000.year#7.mscode omitted because of collinearity

Fixed-effects (within) regression               Number of obs      =     41457
Group variable: pid                             Number of groups   =      6617

R-sq:  within  = 0.0485                         Obs per group: min =         1
       between = 0.0067                                        avg =       6.3
       overall = 0.0105                                        max =         8

                                                F(48,34792)        =     36.95
corr(u_i, Xb)  = -0.0981                        Prob > F           =    0.0000

------------------------------------------------------------------------------
 osrape_prop |      Coef.   Std. Err.      t    P>|t|     [95% Conf. Interval]
-------------+----------------------------------------------------------------
      policy |  -.0180031   .0055973    -3.22   0.001    -.0289739   -.0070322
   sizeclass |   .0014922    .000921     1.62   0.105    -.0003131    .0032974
 setasideuaa |  -.0005739   .0000357   -16.09   0.000    -.0006438    -.000504
   ln_labour |  -.0043424   .0015173    -2.86   0.004    -.0073164   -.0013684
      ln_ffi |   .0000835   .0001064     0.79   0.432     -.000125     .000292
    solvency |   -.000181   .0020151    -0.09   0.928    -.0041306    .0037687
   intensity |  -.0255992   .0098062    -2.61   0.009    -.0448197   -.0063788
             |
        year |
       2000  |  -.0345506   .0058548    -5.90   0.000    -.0460261   -.0230751
       2001  |  -.0400005   .0055726    -7.18   0.000     -.050923   -.0290781
       2002  |  -.0432102   .0054502    -7.93   0.000    -.0538928   -.0325276
       2003  |  -.0315065   .0054993    -5.73   0.000    -.0422853   -.0207277
       2004  |   -.002522   .0042684    -0.59   0.555    -.0108882    .0058442
       2005  |  -.0127945   .0042452    -3.01   0.003    -.0211152   -.0044738
       2006  |  (omitted)
             |
 year#mscode |
    1999  2  |  (omitted)
    1999  5  |  (omitted)
    1999  7  |  -.0158811   .0071625    -2.22   0.027    -.0299198   -.0018424
    1999 10  |  (omitted)
    1999 14  |  (omitted)
    2000  2  |   .0166907   .0061982     2.69   0.007      .004542    .0288393
    2000  5  |   .0204489   .0061661     3.32   0.001     .0083631    .0325348
    2000  7  |  (omitted)
    2000 10  |   .0152181   .0071097     2.14   0.032     .0012828    .0291535
    2000 14  |   .0242317   .0101173     2.40   0.017     .0044015    .0440618
    2001  2  |   .0221529   .0059231     3.74   0.000     .0105435    .0337623
    2001  5  |   .0198269   .0058905     3.37   0.001     .0082813    .0313725
    2001  7  |   .0145027   .0062422     2.32   0.020     .0022679    .0267376
    2001 10  |   .0235079   .0068351     3.44   0.001     .0101108    .0369049
    2001 14  |   .0156083   .0088779     1.76   0.079    -.0017928    .0330093
    2002  2  |    .036723    .005795     6.34   0.000     .0253645    .0480815
    2002  5  |   .0062926   .0057786     1.09   0.276    -.0050337    .0176189
    2002  7  |  -.0134236   .0060938    -2.20   0.028    -.0253676   -.0014796
    2002 10  |   .0279415   .0067727     4.13   0.000     .0146668    .0412163
    2002 14  |   .0084902   .0087583     0.97   0.332    -.0086763    .0256567
    2003  2  |   .0250335   .0058433     4.28   0.000     .0135804    .0364865
    2003  5  |    .002377   .0058234     0.41   0.683    -.0090371    .0137911
    2003  7  |  -.0248342   .0066281    -3.75   0.000    -.0378254    -.011843
    2003 10  |   .0120037   .0068303     1.76   0.079    -.0013838    .0253913
    2003 14  |   .0204117   .0087685     2.33   0.020     .0032252    .0375982
    2004  2  |    .016023   .0057799     2.77   0.006     .0046942    .0273518
    2004  5  |  -.0117673   .0057672    -2.04   0.041    -.0230712   -.0004633
    2004  7  |  -.0345102   .0062323    -5.54   0.000    -.0467256   -.0222947
    2004 10  |  -.0003314   .0067424    -0.05   0.961    -.0135467    .0128839
    2004 14  |   .0041265   .0087194     0.47   0.636    -.0129638    .0212168
    2005  2  |   .0277272   .0057382     4.83   0.000     .0164802    .0389743
    2005  5  |   .0074062   .0057298     1.29   0.196    -.0038243    .0186368
    2005  7  |  -.0250009   .0061375    -4.07   0.000    -.0370306   -.0129713
    2005 10  |   .0151357    .006695     2.26   0.024     .0020132    .0282581
    2005 14  |   .0232968   .0086814     2.68   0.007     .0062809    .0403127
    2006  2  |   .0330199   .0059499     5.55   0.000     .0213578    .0446819
    2006  5  |   .0032765   .0059385     0.55   0.581    -.0083631    .0149161
    2006  7  |  -.0303779   .0063115    -4.81   0.000    -.0427486   -.0180073
    2006 10  |   .0181419   .0068973     2.63   0.009      .004623    .0316607
    2006 14  |   .0090218    .008895     1.01   0.310    -.0084128    .0264563
             |
       _cons |   .1498587   .0137999    10.86   0.000     .1228104    .1769071
-------------+----------------------------------------------------------------
     sigma_u |  .09856342
     sigma_e |  .05384422
         rho |  .77015917   (fraction of variance due to u_i)
------------------------------------------------------------------------------
F test that all u_i=0:     F(6616, 34792) =    19.58         Prob > F = 0.0000

. xtreg osrape_prop policy sizeclass setasideuaa ln_labour ln_ffi solvency intensity year#mscode if [
> diesel == 1 & year!=2007], fe
note: 1999b.year#2.mscode omitted because of collinearity
note: 1999b.year#5.mscode omitted because of collinearity
note: 1999b.year#10.mscode omitted because of collinearity
note: 1999b.year#14.mscode omitted because of collinearity
note: 2003.year#7.mscode omitted because of collinearity
note: 2006.year#14.mscode omitted because of collinearity

Fixed-effects (within) regression               Number of obs      =     41457
Group variable: pid                             Number of groups   =      6617

R-sq:  within  = 0.0485                         Obs per group: min =         1
       between = 0.0090                                        avg =       6.3
       overall = 0.0002                                        max =         8

                                                F(48,34792)        =     36.95
corr(u_i, Xb)  = -0.2264                        Prob > F           =    0.0000

------------------------------------------------------------------------------
 osrape_prop |      Coef.   Std. Err.      t    P>|t|     [95% Conf. Interval]
-------------+----------------------------------------------------------------
      policy |  -.0089813   .0069118    -1.30   0.194    -.0225286     .004566
   sizeclass |   .0014922    .000921     1.62   0.105    -.0003131    .0032974
 setasideuaa |  -.0005739   .0000357   -16.09   0.000    -.0006438    -.000504
   ln_labour |  -.0043424   .0015173    -2.86   0.004    -.0073164   -.0013684
      ln_ffi |   .0000835   .0001064     0.79   0.432     -.000125     .000292
    solvency |   -.000181   .0020151    -0.09   0.928    -.0041306    .0037687
   intensity |  -.0255992   .0098062    -2.61   0.009    -.0448197   -.0063788
             |
 year#mscode |
    1999  2  |  (omitted)
    1999  5  |  (omitted)
    1999  7  |   .0404596   .0045566     8.88   0.000     .0315285    .0493907
    1999 10  |  (omitted)
    1999 14  |  (omitted)
    2000  1  |  -.0345506   .0058548    -5.90   0.000    -.0460261   -.0230751
    2000  2  |  -.0178599   .0020357    -8.77   0.000      -.02185   -.0138699
    2000  5  |  -.0141016   .0019328    -7.30   0.000    -.0178899   -.0103133
    2000  7  |   .0217901   .0044566     4.89   0.000     .0130551    .0305252
    2000 10  |  -.0193325   .0040323    -4.79   0.000    -.0272359    -.011429
    2000 14  |  -.0103189   .0082504    -1.25   0.211    -.0264899    .0058521
    2001  1  |  -.0400005   .0055726    -7.18   0.000     -.050923   -.0290781
    2001  2  |  -.0178476   .0020088    -8.88   0.000     -.021785   -.0139103
    2001  5  |  -.0201736   .0019047   -10.59   0.000    -.0239069   -.0164403
    2001  7  |   .0308429   .0041818     7.38   0.000     .0226465    .0390393
    2001 10  |  -.0164927     .00396    -4.16   0.000    -.0242544    -.008731
    2001 14  |  -.0243923   .0069144    -3.53   0.000    -.0379447   -.0108398
    2002  1  |  -.0432102   .0054502    -7.93   0.000    -.0538928   -.0325276
    2002  2  |  -.0064872   .0019906    -3.26   0.001    -.0103888   -.0025855
    2002  5  |  -.0369176   .0019285   -19.14   0.000    -.0406976   -.0331377
    2002  7  |  -.0002931   .0039471    -0.07   0.941    -.0080296    .0074434
    2002 10  |  -.0152686   .0040205    -3.80   0.000     -.023149   -.0073883
    2002 14  |    -.03472    .006849    -5.07   0.000    -.0481443   -.0212957
    2003  1  |  -.0315065   .0054993    -5.73   0.000    -.0422853   -.0207277
    2003  2  |   -.006473   .0019918    -3.25   0.001     -.010377   -.0025691
    2003  5  |  -.0291295   .0019272   -15.12   0.000    -.0329068   -.0253522
    2003  7  |  (omitted)
    2003 10  |  -.0195028   .0040615    -4.80   0.000    -.0274635    -.011542
    2003 14  |  -.0110948   .0068258    -1.63   0.104    -.0244736     .002284
    2004  1  |  -.0115438   .0087942    -1.31   0.189    -.0287806     .005693
    2004  2  |   .0044792   .0071845     0.62   0.533    -.0096026    .0185611
    2004  5  |   -.023311   .0071646    -3.25   0.001    -.0373538   -.0092683
    2004  7  |   .0102868    .008067     1.28   0.202    -.0055248    .0260984
    2004 10  |  -.0118752   .0079777    -1.49   0.137    -.0275118    .0037614
    2004 14  |  -.0074173   .0037778    -1.96   0.050     -.014822   -.0000126
    2005  1  |  -.0218163   .0087735    -2.49   0.013    -.0390127   -.0046199
    2005  2  |   .0059109   .0071784     0.82   0.410    -.0081591    .0199809
    2005  5  |  -.0144101    .007166    -2.01   0.044    -.0284557   -.0003644
    2005  7  |   .0095235   .0080169     1.19   0.235    -.0061898    .0252368
    2005 10  |  -.0066807   .0079636    -0.84   0.402    -.0222895    .0089282
    2005 14  |   .0014805   .0037464     0.40   0.693    -.0058626    .0088236
    2006  1  |  -.0090218    .008895    -1.01   0.310    -.0264563    .0084128
    2006  2  |   .0239981   .0071934     3.34   0.001     .0098987    .0380974
    2006  5  |  -.0057453   .0071805    -0.80   0.424    -.0198192    .0083287
    2006  7  |    .016941   .0080365     2.11   0.035     .0011893    .0326928
    2006 10  |   .0091201   .0079956     1.14   0.254    -.0065514    .0247917
    2006 14  |  (omitted)
             |
       _cons |   .1448575   .0137856    10.51   0.000     .1178374    .1718777
-------------+----------------------------------------------------------------
     sigma_u |  .10204269
     sigma_e |  .05384422
         rho |  .78221006   (fraction of variance due to u_i)
------------------------------------------------------------------------------
F test that all u_i=0:     F(6616, 34792) =    19.58         Prob > F = 0.0000

. xtreg osrape_prop policy sizeclass setasideuaa ln_labour ln_ffi solvency intensity i.year if [diese
> l == 1 & year!=2007], fe
note: 2006.year omitted because of collinearity

Fixed-effects (within) regression               Number of obs      =     41457
Group variable: pid                             Number of groups   =      6617

R-sq:  within  = 0.0305                         Obs per group: min =         1
       between = 0.0021                                        avg =       6.3
       overall = 0.0001                                        max =         8

                                                F(13,34827)        =     84.25
corr(u_i, Xb)  = -0.1539                        Prob > F           =    0.0000

------------------------------------------------------------------------------
 osrape_prop |      Coef.   Std. Err.      t    P>|t|     [95% Conf. Interval]
-------------+----------------------------------------------------------------
      policy |  -.0036551   .0012294    -2.97   0.003    -.0060647   -.0012454
   sizeclass |   .0005529   .0009215     0.60   0.549    -.0012534    .0023591
 setasideuaa |  -.0005903   .0000357   -16.54   0.000    -.0006602   -.0005203
   ln_labour |   .0015702   .0014516     1.08   0.279    -.0012749    .0044153
      ln_ffi |   .0000118   .0001054     0.11   0.911    -.0001949    .0002184
    solvency |   .0003467   .0020252     0.17   0.864    -.0036228    .0043162
   intensity |  -.0323963   .0098334    -3.29   0.001      -.05167   -.0131226
             |
        year |
       2000  |  -.0172851    .001229   -14.06   0.000     -.019694   -.0148762
       2001  |  -.0191498   .0011945   -16.03   0.000    -.0214911   -.0168085
       2002  |  -.0246066   .0012014   -20.48   0.000    -.0269613   -.0222519
       2003  |   -.019032   .0012201   -15.60   0.000    -.0214233   -.0166406
       2004  |   -.015675    .001057   -14.83   0.000    -.0177468   -.0136032
       2005  |  -.0116844   .0010472   -11.16   0.000     -.013737   -.0096319
       2006  |  (omitted)
             |
       _cons |   .1082119   .0134981     8.02   0.000     .0817553    .1346686
-------------+----------------------------------------------------------------
     sigma_u |  .10004882
     sigma_e |  .05432417
         rho |  .77230596   (fraction of variance due to u_i)
------------------------------------------------------------------------------
F test that all u_i=0:     F(6616, 34827) =    20.23         Prob > F = 0.0000

. bysort pid: egen delta_osr = oilseedrape - L.oilseedrape
unknown egen function oilseedrape()
r(133);

. bysort pid: egen delta_osr = oilseedrapeuaa - L.oilseedrapeuaa
unknown egen function oilseedrapeuaa()
r(133);

. help egen

. first difference
unrecognized command:  first
r(199);

. help difference

. egen delta_osr = oilseedrapeuaa - L.oilseedrapeuaa
unknown egen function oilseedrapeuaa()
r(133);

. gen delta_osr = oilseedrapeuaa - L.oilseedrapeuaa
(14111 missing values generated)

. count if year ==1999
 6802

. tabstat delta_osr, by(year)

Summary for variables: delta_osr
     by categories of: year (YEAR)

    year |      mean
---------+----------
    1999 |         .
    2000 | -1.936913
    2001 | -.0099228
    2002 | -.1897279
    2003 |  .4471206
    2004 |  .4119817
    2005 |  .8368819
    2006 |   1.26064
    2007 | -1.008764
---------+----------
   Total |  .0716213
--------------------

. count if year ==1999 & diesel==1
 3791

. tabstat delta_osr if diesel==1, by(year)

Summary for variables: delta_osr
     by categories of: year (YEAR)

    year |      mean
---------+----------
    1999 |         .
    2000 | -2.990794
    2001 |  -.116759
    2002 | -.2006077
    2003 |  .8765856
    2004 |  .5045518
    2005 |  1.492459
    2006 |  2.058735
    2007 | -2.012738
---------+----------
   Total |  .1367273
--------------------

. tabstat energycropsuaa totaluaa oilseedrapeuaa delta_osr if diesel==1, by(year)

Summary statistics: mean
  by categories of: year (YEAR)

    year |  energy~a  totaluaa  oilsee~a  delta_~r
---------+----------------------------------------
    1999 |         0  144.9374   21.1812         .
    2000 |         0  147.6499  18.39559 -2.990794
    2001 |         0   145.918  17.03945  -.116759
    2002 |         0  164.3091  19.11345 -.2006077
    2003 |         0  165.3521  20.08314  .8765856
    2004 |  18.91533  166.8964  21.01329  .5045518
    2005 |  46.97192  172.5697   22.1872  1.492459
    2006 |  48.04951  172.1841  24.74826  2.058735
    2007 |  62.27235  174.9749  24.10731 -2.012738
---------+----------------------------------------
   Total |  39.43637  162.5642  20.86754  .1367273
--------------------------------------------------

. tabstat energycropsuaa totaluaa oilseedrapeuaa delta_osr, by(year)

Summary statistics: mean
  by categories of: year (YEAR)

    year |  energy~a  totaluaa  oilsee~a  delta_~r
---------+----------------------------------------
    1999 |         0  106.9599  13.10071         .
    2000 |         0   109.553   11.3684 -1.936913
    2001 |         0  109.7438  10.89808 -.0099228
    2002 |         0  121.1724  12.17487 -.1897279
    2003 |         0  120.1581  12.38597  .4471206
    2004 |  11.16216  122.8193  13.25401  .4119817
    2005 |  28.22533  127.3104  14.08564  .8368819
    2006 |  29.13907  129.0404  15.85071   1.26064
    2007 |  37.62885  130.7502   15.5392 -1.008764
---------+----------------------------------------
   Total |  24.47494  120.1782  13.16521  .0716213
--------------------------------------------------

. xtreg osrape_prop policy sizeclass ln_labour ln_ffi solvency intensity year#mscode if [diesel == 1 
> & year!=2007], fe
note: 1999b.year#2.mscode omitted because of collinearity
note: 1999b.year#5.mscode omitted because of collinearity
note: 1999b.year#10.mscode omitted because of collinearity
note: 1999b.year#14.mscode omitted because of collinearity
note: 2003.year#7.mscode omitted because of collinearity
note: 2006.year#14.mscode omitted because of collinearity

Fixed-effects (within) regression               Number of obs      =     41457
Group variable: pid                             Number of groups   =      6617

R-sq:  within  = 0.0414                         Obs per group: min =         1
       between = 0.0062                                        avg =       6.3
       overall = 0.0003                                        max =         8

                                                F(47,34793)        =     31.99
corr(u_i, Xb)  = -0.1342                        Prob > F           =    0.0000

------------------------------------------------------------------------------
 osrape_prop |      Coef.   Std. Err.      t    P>|t|     [95% Conf. Interval]
-------------+----------------------------------------------------------------
      policy |  -.0066259   .0069358    -0.96   0.339    -.0202203    .0069685
   sizeclass |   .0013173   .0009244     1.43   0.154    -.0004946    .0031291
   ln_labour |  -.0043865   .0015229    -2.88   0.004    -.0073715   -.0014015
      ln_ffi |   .0000999   .0001067     0.94   0.350    -.0001094    .0003091
    solvency |  -.0003045   .0020225    -0.15   0.880    -.0042687    .0036598
   intensity |  -.0244975   .0098422    -2.49   0.013    -.0437886   -.0052064
             |
 year#mscode |
    1999  2  |  (omitted)
    1999  5  |  (omitted)
    1999  7  |   .0406315   .0045735     8.88   0.000     .0316674    .0495956
    1999 10  |  (omitted)
    1999 14  |  (omitted)
    2000  1  |  -.0355815   .0058761    -6.06   0.000    -.0470988   -.0240642
    2000  2  |  -.0175376   .0020431    -8.58   0.000    -.0215422   -.0135329
    2000  5  |  -.0142263   .0019399    -7.33   0.000    -.0180286    -.010424
    2000  7  |   .0220842   .0044731     4.94   0.000     .0133168    .0308515
    2000 10  |  -.0194662   .0040472    -4.81   0.000    -.0273989   -.0115335
    2000 14  |  -.0103606   .0082809    -1.25   0.211    -.0265914    .0058702
    2001  1  |  -.0411143   .0055928    -7.35   0.000    -.0520763   -.0301522
    2001  2  |  -.0177154   .0020162    -8.79   0.000    -.0216673   -.0137635
    2001  5  |  -.0211584   .0019108   -11.07   0.000    -.0249036   -.0174132
    2001  7  |   .0312282   .0041972     7.44   0.000     .0230016    .0394548
    2001 10  |  -.0166503   .0039746    -4.19   0.000    -.0244407   -.0088599
    2001 14  |  -.0281454    .006936    -4.06   0.000    -.0417403   -.0145506
    2002  1  |  -.0448171   .0054695    -8.19   0.000    -.0555374   -.0340967
    2002  2  |  -.0066366    .001998    -3.32   0.001    -.0105527   -.0027206
    2002  5  |  -.0376355   .0019351   -19.45   0.000    -.0414284   -.0338425
    2002  7  |  -.0001527   .0039617    -0.04   0.969    -.0079178    .0076123
    2002 10  |  -.0154426   .0040354    -3.83   0.000     -.023352   -.0075331
    2002 14  |   -.035462   .0068742    -5.16   0.000    -.0489356   -.0219883
    2003  1  |  -.0333757   .0055184    -6.05   0.000    -.0441919   -.0225594
    2003  2  |  -.0076219   .0019979    -3.82   0.000    -.0115379    -.003706
    2003  5  |  -.0299425   .0019336   -15.49   0.000    -.0337324   -.0261525
    2003  7  |  (omitted)
    2003 10  |  -.0196282   .0040766    -4.81   0.000    -.0276185    -.011638
    2003 14  |  -.0125919   .0068504    -1.84   0.066     -.026019    .0008352
    2004  1  |  -.0151085   .0088239    -1.71   0.087    -.0324036    .0021866
    2004  2  |   .0018073   .0072092     0.25   0.802    -.0123229    .0159375
    2004  5  |   -.025832   .0071894    -3.59   0.000    -.0399234   -.0117406
    2004  7  |   .0084242    .008096     1.04   0.298    -.0074443    .0242927
    2004 10  |  -.0140599   .0080061    -1.76   0.079    -.0297521    .0016323
    2004 14  |  -.0086917    .003791    -2.29   0.022    -.0161222   -.0012613
    2005  1  |   -.025422   .0088031    -2.89   0.004    -.0426764   -.0081677
    2005  2  |   .0045302   .0072045     0.63   0.529    -.0095908    .0186513
    2005  5  |  -.0176536   .0071897    -2.46   0.014    -.0317456   -.0035616
    2005  7  |   .0076235   .0080457     0.95   0.343    -.0081463    .0233932
    2005 10  |  -.0089587   .0079918    -1.12   0.262    -.0246228    .0067054
    2005 14  |   .0000994   .0037593     0.03   0.979    -.0072689    .0074677
    2006  1  |  -.0123928   .0089255    -1.39   0.165     -.029887    .0051014
    2006  2  |    .022849   .0072197     3.16   0.002     .0086982    .0369998
    2006  5  |  -.0089102   .0072043    -1.24   0.216    -.0230309    .0052105
    2006  7  |   .0145979   .0080649     1.81   0.070    -.0012095    .0304053
    2006 10  |   .0068126   .0080239     0.85   0.396    -.0089144    .0225396
    2006 14  |  (omitted)
             |
       _cons |   .1409329   .0138344    10.19   0.000      .113817    .1680488
-------------+----------------------------------------------------------------
     sigma_u |  .09995039
     sigma_e |  .05404346
         rho |  .77377848   (fraction of variance due to u_i)
------------------------------------------------------------------------------
F test that all u_i=0:     F(6616, 34793) =    19.41         Prob > F = 0.0000

. 
. xtreg osrape_prop policy sizeclass ln_labour ln_ffi solvency intensity if [diesel == 1 & year!=2007
> ], fe

Fixed-effects (within) regression               Number of obs      =     41457
Group variable: pid                             Number of groups   =      6617

R-sq:  within  = 0.0031                         Obs per group: min =         1
       between = 0.0001                                        avg =       6.3
       overall = 0.0001                                        max =         8

                                                F(6,34834)         =     18.09
corr(u_i, Xb)  = -0.0451                        Prob > F           =    0.0000

------------------------------------------------------------------------------
 osrape_prop |      Coef.   Std. Err.      t    P>|t|     [95% Conf. Interval]
-------------+----------------------------------------------------------------
      policy |   .0053388   .0005788     9.22   0.000     .0042043    .0064734
   sizeclass |  -.0013465    .000929    -1.45   0.147    -.0031673    .0004744
   ln_labour |   .0071364   .0014033     5.09   0.000     .0043858     .009887
      ln_ffi |   .0001937   .0001063     1.82   0.069    -.0000147    .0004021
    solvency |  -.0004997   .0020528    -0.24   0.808    -.0045232    .0035239
   intensity |  -.0266994   .0099618    -2.68   0.007    -.0462249   -.0071739
       _cons |   .0528577   .0132142     4.00   0.000     .0269573     .078758
-------------+----------------------------------------------------------------
     sigma_u |  .09835187
     sigma_e |  .05508048
         rho |   .7612441   (fraction of variance due to u_i)
------------------------------------------------------------------------------
F test that all u_i=0:     F(6616, 34834) =    19.70         Prob > F = 0.0000

. xtreg osrape_prop policy sizeclass ln_labour ln_ffi solvency intensity if [diesel == 1 & year<2006]
> , fe

Fixed-effects (within) regression               Number of obs      =     36228
Group variable: pid                             Number of groups   =      6617

R-sq:  within  = 0.0020                         Obs per group: min =         1
       between = 0.0016                                        avg =       5.5
       overall = 0.0005                                        max =         7

                                                F(6,29605)         =      9.90
corr(u_i, Xb)  = -0.0523                        Prob > F           =    0.0000

------------------------------------------------------------------------------
 osrape_prop |      Coef.   Std. Err.      t    P>|t|     [95% Conf. Interval]
-------------+----------------------------------------------------------------
      policy |   .0016316   .0006307     2.59   0.010     .0003954    .0028679
   sizeclass |  -.0002346   .0010367    -0.23   0.821    -.0022666    .0017974
   ln_labour |   .0103838   .0015071     6.89   0.000     .0074299    .0133377
      ln_ffi |   .0001621   .0001122     1.45   0.148    -.0000578    .0003819
    solvency |  -.0021438   .0022142    -0.97   0.333    -.0064837     .002196
   intensity |  -.0255726   .0106636    -2.40   0.016    -.0464737   -.0046715
       _cons |   .0179002   .0144837     1.24   0.217    -.0104884    .0462888
-------------+----------------------------------------------------------------
     sigma_u |  .09894186
     sigma_e |  .05349817
         rho |   .7737783   (fraction of variance due to u_i)
------------------------------------------------------------------------------
F test that all u_i=0:     F(6616, 29605) =    18.50         Prob > F = 0.0000

. 
. 
. 
. 
. set more off

. xtreg osrape_prop policy sizeclass ln_labour ln_ffi solvency intensity if [diesel == 1 & year<2004]
> , fe
note: policy omitted because of collinearity

Fixed-effects (within) regression               Number of obs      =     24466
Group variable: pid                             Number of groups   =      6617

R-sq:  within  = 0.0044                         Obs per group: min =         1
       between = 0.0005                                        avg =       3.7
       overall = 0.0000                                        max =         5

                                                F(5,17844)         =     15.61
corr(u_i, Xb)  = -0.1084                        Prob > F           =    0.0000

------------------------------------------------------------------------------
 osrape_prop |      Coef.   Std. Err.      t    P>|t|     [95% Conf. Interval]
-------------+----------------------------------------------------------------
      policy |  (omitted)
   sizeclass |  -.0006651   .0014053    -0.47   0.636    -.0034197    .0020894
   ln_labour |   .0167379   .0019723     8.49   0.000     .0128721    .0206037
      ln_ffi |  -.0000249   .0001444    -0.17   0.863    -.0003079    .0002581
    solvency |  -.0054189   .0034608    -1.57   0.117    -.0122023    .0013646
   intensity |   -.024273   .0136281    -1.78   0.075    -.0509853    .0024394
       _cons |  -.0277671   .0197633    -1.40   0.160    -.0665051    .0109709
-------------+----------------------------------------------------------------
     sigma_u |  .10150298
     sigma_e |  .05241806
         rho |  .78946008   (fraction of variance due to u_i)
------------------------------------------------------------------------------
F test that all u_i=0:     F(6616, 17844) =    13.73         Prob > F = 0.0000

. collapse , by(pid, year)
clist required
r(100);

. collapse , by(pid year)
clist required
r(100);

. collapse _all, by(pid year)
pid may not be both target and by()
r(198);

. collapse oilseedrapeuaa totaluaa  policy sizeclass ln_labour ln_ffi solvency intensity, by(pid year
> )

. browse

. drop if oilseedrapeuaa ==0
(44942 observations deleted)

. clear

. use ../CountrySTATAFiles/databuilds/data9907

. do master_lin

. *************************************************************
. *                                                                                       
. * Patrick R. Gillespie                                  
. * Research Officer                                      
. * Teagasc, REDP                                         
. * Athenry, Co Galway, Ireland                           
. * patrick.gillespie@teagasc.ie                  
. *                                                                                       
. *************************************************************
. * RSF Project DAF RSF 07 505 (GO1390)           
. *                                                                                       
. * A micro level analysis of the Irish   
. * agri-food sector: lessons and                 
. * recommendations from Denmark and      
. * the Netherlands                               
. *                                                                               
. * Task 4
. *
. *************************************************************
. *       How this do file works
. *************************************************************
. * BE SURE TO READ THE FILE README.RTF!!!
. * The data to be used in this analysis is the 
. * FADN data for the years 2004 through 2007.Each 
. * country's data is contained in it's own data 
. * file. Rather than combine them all (would be 
. * a massive file), I'm importing variables as I 
. * need them. Once finished with a variable, I 
. * discard everything until I need it again.
. *
. * This master file calls do files from the 
. * subdirectory called sub_do. Any portion of the 
. * analysis can be omitted by inserting a * in 
. * front of the relevant do command. Output 
. * datasets will be generated by this file and 
. * stored in the subdirectory called output.
. *
. * In order for this do file to run, it must be
. * located in a folder (name is not important)
. * that is itself in the same folder that contains
. * CountryData and CountrySTATAFiles (those names 
. * are important, copy exactly). The datasets in 
. * those folders shouldn't contain any spaces and 
. * should match the list in the global macro "ms" 
. * defined below.
. * 
. * You can easily include or exclude countries
. * to the analysis by altering this macro 
. * (provided the datasets are in the right shape 
. * and are saved as a .dta in CountrySTATAFiles).
. *
. * At the time of writing, the directory 
. * structure in which this file resided was
. * 
. * Task 4
. *  >Data_Analysis
. *   >>CountryData
. *   >>CountrySTATAFiles
. *   >>descriptives
. *    >>>logs
. *    >>>output
. *    >>>sub_do
. *    >>>varname.xls
. *    >>>descriptives.do  <- your viewing this now
. *    >>>README.rtf
. *    >>>blank.dta
. *    >>>energygph.dta
. *************************************************************
. 
. *************************************************************
. *** PRELIMINARIES       *
. *************************
. clear

. clear matrix

. set mem 1500m

Current memory allocation

                    current                                 memory usage
    settable          value     description                 (1M = 1024k)
    --------------------------------------------------------------------
    set maxvar         5000     max. variables allowed           1.909M
    set memory         1500M    max. data space              1,500.000M
    set matsize         800     max. RHS vars in models          4.950M
                                                            -----------
                                                             1,506.859M

. set matsize 800

Current memory allocation

                    current                                 memory usage
    settable          value     description                 (1M = 1024k)
    --------------------------------------------------------------------
    set maxvar         5000     max. variables allowed           1.909M
    set memory         1500M    max. data space              1,500.000M
    set matsize         800     max. RHS vars in models          4.950M
                                                            -----------
                                                             1,506.859M

. capture log close
