-----------------------------------------------------------------------------------------------------
      name:  <unnamed>
       log:  /home/patrickgillespie/Documents/lin_forpatrick/Task 4/Data_Analysis/analysis/logs/resul
> ts/7_Jun_2012_18_00_24.log
  log type:  text
 opened on:   7 Jun 2012, 18:00:25

. 
. 
. ***************************
. * Full panel (w/ and w/o rape, adopter and non-adopter)
. ***************************
. quietly xtreg oilseedrapeuaa policy sizeclass setasideuaa ln_labour ln_ffi solvency intensity speci
> alise i.year year#mscode, fe vce(robust)

. estimates store fulluaa

. 
. quietly xtreg osrape_prop policy sizeclass setasideuaa ln_labour ln_ffi solvency intensity speciali
> se i.year year#mscode, fe vce(robust)

. estimates store fullprop

. 
. ****************************
. * Panel restriction 1 (w/ rape only, adopter and non-adopter)
. ****************************
. quietly xtreg oilseedrapeuaa policy sizeclass setasideuaa ln_labour ln_ffi solvency intensity speci
> alise i.year year#mscode if oilseedrapeuaa>0, fe vce(robust)

. estimates store res1uaa

. 
. quietly xtreg osrape_prop policy sizeclass setasideuaa ln_labour ln_ffi solvency intensity speciali
> se i.year year#mscode if oilseedrapeuaa>0, fe vce(robust)

. estimates store res1prop

. 
. *****************************
. * Panel restriction 2 (w/ and w/o rape, adopters only)
. *****************************
. quietly xtreg oilseedrapeuaa policy sizeclass setasideuaa ln_labour ln_ffi solvency intensity speci
> alise i.year year#mscode if adopt==1, fe vce(robust)

. estimates store res2uaa

. 
. quietly xtreg osrape_prop policy sizeclass setasideuaa ln_labour ln_ffi solvency intensity speciali
> se i.year year#mscode if adopt==1, fe vce(robust)

. estimates store res2prop

. *****************************
. 
. outreg2 policy [*] using "model", word stat(coef se) replace seeout 
Hit Enter to continue. 
model.rtf
dir : seeout

. 
. !!!STOP!!!

. 
. 
. 
. xtreg osrape_prop policy pol_osrprop adopt sizeclass setasideuaa ln_labour ln_ffi solvency intensit
> y i.year year#mscode, vce(robust)
variable pol_osrprop not found
r(111);

end of do-file
r(111);

end of do-file

r(111);

. seeout using "model.txt"
Hit Enter to continue. do master_lin

. 
. help outreg2

. do master_lin

. ********************************************************
. ********************************************************
. * Patrick R. Gillespie                          
. * Research Officer                              
. * Teagasc, REDP                                 
. * Athenry, Co Galway, Ireland                   
. * patrick.gillespie@teagasc.ie  
. *                                                                                       
. ********************************************************
. * RSF Project DAF RSF 07 505 (GO1390)           
. *                                                                                       
. * A micro level analysis of the Irish   
. * agri-food sector: lessons and                 
. * recommendations from Denmark and      
. * the Netherlands                               
. *                                                                               
. * Task 4
. *
. ********************************************************
. 
. 
. 
. ********************************************************
. *** PRELIMINARIES       
. ********************************************************
. * BE SURE TO READ THE FILE README.RTF!!!
. clear

. clear matrix

. set mem 1500m

Current memory allocation

                    current                                 memory usage
    settable          value     description                 (1M = 1024k)
    --------------------------------------------------------------------
    set maxvar         5000     max. variables allowed           1.909M
    set memory         1500M    max. data space              1,500.000M
    set matsize         800     max. RHS vars in models          4.950M
                                                            -----------
                                                             1,506.859M

. set matsize 800

Current memory allocation

                    current                                 memory usage
    settable          value     description                 (1M = 1024k)
    --------------------------------------------------------------------
    set maxvar         5000     max. variables allowed           1.909M
    set memory         1500M    max. data space              1,500.000M
    set matsize         800     max. RHS vars in models          4.950M
                                                            -----------
                                                             1,506.859M

. capture log close
