-----------------------------------------------------------------------------------------------------
      name:  <unnamed>
       log:  /home/patrickgillespie/Documents/lin_forpatrick/Task 4/Data_Analysis/analysis/logs/resul
> ts/7_Jun_2012_17_08_45.log
  log type:  text
 opened on:   7 Jun 2012, 17:08:45

. 
. 
. ***************************
. * Full panel (w/ and w/o rape, adopter and non-adopter)
. ***************************
. quietly xtreg oilseedrapeuaa policy sizeclass setasideuaa ln_labour ln_ffi solvency intensity speci
> alise i.year year#mscode, fe vce(robust)

. estimates store fulluaa

. 
. quietly xtreg osrape_prop policy sizeclass setasideuaa ln_labour ln_ffi solvency intensity speciali
> se i.year year#mscode, fe vce(robust)

. estimates store fullprop

. 
. ****************************
. * Panel restriction 1 (w/ rape only, adopter and non-adopter)
. ****************************
. quietly xtreg oilseedrapeuaa policy sizeclass setasideuaa ln_labour ln_ffi solvency intensity speci
> alise i.year year#mscode if oilseedrapeuaa>0, fe vce(robust)

. estimates store res1uaa

. 
. quietly xtreg osrape_prop policy sizeclass setasideuaa ln_labour ln_ffi solvency intensity speciali
> se i.year year#mscode if oilseedrapeuaa>0, fe vce(robust)

. estimates store res1prop

. 
. *****************************
. * Panel restriction 2 (w/ and w/o rape, adopters only)
. *****************************
. quietly xtreg oilseedrapeuaa policy sizeclass setasideuaa ln_labour ln_ffi solvency intensity speci
> alise i.year year#mscode if adopt==1, fe vce(robust)

. estimates store res2uaa

. 
. quietly xtreg osrape_prop policy sizeclass setasideuaa ln_labour ln_ffi solvency intensity speciali
> se i.year year#mscode if adopt==1, fe vce(robust)

. estimates store res2prop

. *****************************
. 
. outreg2 policy [*] using "model", word stat(coef se) replace seeout 
Hit Enter to continue. summarize oilseedrapeuaa totaluaa osrape_prop if adopt==1
model.rtf
dir : seeout

. 
. !!!STOP!!!

. 
. 
. 
. xtreg osrape_prop policy pol_osrprop adopt sizeclass setasideuaa ln_labour ln_ffi solvency intensit
> y i.year year#mscode, vce(robust)
variable pol_osrprop not found
r(111);

end of do-file
r(111);

end of do-file

r(111);

. summarize oilseedrapeuaa totaluaa osrape_prop if adopt==1

    Variable |       Obs        Mean    Std. Dev.       Min        Max
-------------+--------------------------------------------------------
oilseedrap~a |       967    37.29286    40.95868          0      288.8
    totaluaa |       967    216.5732    233.2535       31.6    1755.77
 osrape_prop |       967    .1753626    .1000075          0   .5494506

. summarize oilseedrapeuaa totaluaa osrape_prop

    Variable |       Obs        Mean    Std. Dev.       Min        Max
-------------+--------------------------------------------------------
oilseedrap~a |     77020     13.0759    40.08909          0       1305
    totaluaa |     77020    119.3465    240.2627       1.05       5814
 osrape_prop |     77020    .0716542    .1072268          0          1

. summarize oilseedrapeuaa totaluaa osrape_prop if [adopt==1 & year ==2006]

    Variable |       Obs        Mean    Std. Dev.       Min        Max
-------------+--------------------------------------------------------
oilseedrap~a |       108     46.1237    52.34497       2.77      288.8
    totaluaa |       108    249.9712    272.5305      44.58    1703.29
 osrape_prop |       108    .1862127    .0871163    .027847   .4813292

. summarize oilseedrapeuaa totaluaa osrape_prop if [year ==2006]

    Variable |       Obs        Mean    Std. Dev.       Min        Max
-------------+--------------------------------------------------------
oilseedrap~a |      8470    15.69463    47.63269          0    1057.66
    totaluaa |      8470    127.4687     248.159        1.1     5196.7
 osrape_prop |      8470    .0778179    .1090493          0   .9794275

. summarize oilseedrapeuaa totaluaa osrape_prop [weight=farmsrepresented] if year ==2006
(analytic weights assumed)

    Variable |     Obs      Weight        Mean   Std. Dev.       Min        Max
-------------+-----------------------------------------------------------------
oilseedrap~a |    8470  415064.348    7.335079   22.87792          0    1057.66
    totaluaa |    8470  415064.348    71.57642   122.3882        1.1     5196.7
 osrape_prop |    8470  415064.348    .0598883   .1082834          0   .9794275

. summarize oilseedrapeuaa totaluaa osrape_prop [pweight=farmsrepresented] if year ==2006
pweight not allowed
r(101);

. summarize oilseedrapeuaa totaluaa osrape_prop [fweight=farmsrepresented] if year ==2006
may not use noninteger frequency weights
r(401);

. summarize oilseedrapeuaa totaluaa osrape_prop [aweight=farmsrepresented] if year ==2006

    Variable |     Obs      Weight        Mean   Std. Dev.       Min        Max
-------------+-----------------------------------------------------------------
oilseedrap~a |    8470  415064.348    7.335079   22.87792          0    1057.66
    totaluaa |    8470  415064.348    71.57642   122.3882        1.1     5196.7
 osrape_prop |    8470  415064.348    .0598883   .1082834          0   .9794275

. summarize oilseedrapeuaa totaluaa osrape_prop [aweight=farmsrepresented] if [adopt==1 & year ==2006
> ]

    Variable |     Obs      Weight        Mean   Std. Dev.       Min        Max
-------------+-----------------------------------------------------------------
oilseedrap~a |     108  4008.20272    35.52911   33.17321       2.77      288.8
    totaluaa |     108  4008.20272    187.2002   147.1545      44.58    1703.29
 osrape_prop |     108  4008.20272    .1926736    .089617    .027847   .4813292

. graph bar samplefarms if [adopt==1 & year==2006], over(country)

. graph bar (sum) samplefarms if [adopt==1 & year==2006], over(country)

. tabstat samplefarms if [adopt==1 & year==2006], stat(count) by(country)

Summary for variables: samplefarms
     by categories of: country (Country)

country |         N
--------+----------
    DAN |         2
    DEU |        14
    FRA |        92
--------+----------
  Total |       108
-------------------

. count if [adopt==1 & year ==2006]
  108

. bysort year: count if [adopt==1]

-----------------------------------------------------------------------------------------------------
-> year = 1999
   99
-----------------------------------------------------------------------------------------------------
-> year = 2000
  106
-----------------------------------------------------------------------------------------------------
-> year = 2001
  103
-----------------------------------------------------------------------------------------------------
-> year = 2002
  115
-----------------------------------------------------------------------------------------------------
-> year = 2003
  114
-----------------------------------------------------------------------------------------------------
-> year = 2004
  109
-----------------------------------------------------------------------------------------------------
-> year = 2005
  114
-----------------------------------------------------------------------------------------------------
-> year = 2006
  108
-----------------------------------------------------------------------------------------------------
-> year = 2007
   99

. tabstat samplefarms if [adopt==1], stat(count) by(country)

Summary for variables: samplefarms
     by categories of: country (Country)

country |         N
--------+----------
    DAN |        12
    DEU |       125
    ESP |         4
    FRA |       820
    ITA |         6
--------+----------
  Total |       967
-------------------

. tabstat pid if [adopt==1], stat(count) by(country)

Summary for variables: pid
     by categories of: country (Country)

country |         N
--------+----------
    DAN |        12
    DEU |       125
    ESP |         4
    FRA |       820
    ITA |         6
--------+----------
  Total |       967
-------------------

. help tabstat

. tabstat pid if [adopt==1], stat(count) by(country year)
by():  too many variables specified
r(103);

. tabstat pid if [adopt==1], stat(count) by(country) by(year)
option by() not allowed
r(198);

. bysort year: tabstat pid if [adopt==1], stat(count) by(country) 

-----------------------------------------------------------------------------------------------------
-> year = 1999

Summary for variables: pid
     by categories of: country (Country)

country |         N
--------+----------
    DAN |         1
    DEU |        17
    ESP |         1
    FRA |        79
    ITA |         1
--------+----------
  Total |        99
-------------------

-----------------------------------------------------------------------------------------------------
-> year = 2000

Summary for variables: pid
     by categories of: country (Country)

country |         N
--------+----------
    DAN |         1
    DEU |        19
    ESP |         1
    FRA |        84
    ITA |         1
--------+----------
  Total |       106
-------------------

-----------------------------------------------------------------------------------------------------
-> year = 2001

Summary for variables: pid
     by categories of: country (Country)

country |         N
--------+----------
    DAN |         2
    DEU |        12
    ESP |         1
    FRA |        87
    ITA |         1
--------+----------
  Total |       103
-------------------

-----------------------------------------------------------------------------------------------------
-> year = 2002

Summary for variables: pid
     by categories of: country (Country)

country |         N
--------+----------
    DAN |         1
    DEU |        15
    FRA |        98
    ITA |         1
--------+----------
  Total |       115
-------------------

-----------------------------------------------------------------------------------------------------
-> year = 2003

Summary for variables: pid
     by categories of: country (Country)

country |         N
--------+----------
    DAN |         2
    DEU |        13
    FRA |        98
    ITA |         1
--------+----------
  Total |       114
-------------------

-----------------------------------------------------------------------------------------------------
-> year = 2004

Summary for variables: pid
     by categories of: country (Country)

country |         N
--------+----------
    DAN |         1
    DEU |         8
    FRA |       100
--------+----------
  Total |       109
-------------------

-----------------------------------------------------------------------------------------------------
-> year = 2005

Summary for variables: pid
     by categories of: country (Country)

country |         N
--------+----------
    DAN |         2
    DEU |        11
    FRA |       101
--------+----------
  Total |       114
-------------------

-----------------------------------------------------------------------------------------------------
-> year = 2006

Summary for variables: pid
     by categories of: country (Country)

country |         N
--------+----------
    DAN |         2
    DEU |        14
    FRA |        92
--------+----------
  Total |       108
-------------------

-----------------------------------------------------------------------------------------------------
-> year = 2007

Summary for variables: pid
     by categories of: country (Country)

country |         N
--------+----------
    DEU |        16
    ESP |         1
    FRA |        81
    ITA |         1
--------+----------
  Total |        99
-------------------

. 
. 
. 
. 
. 
. 
. 
. xtreg osrape_prop policy sizeclass setasideuaa ln_labour ln_ffi solvency intensity specialise i.yea
> r year#mscode if [country=="DEU"|country=="FRA"], fe vce(robust)
note: 2007.year omitted because of collinearity
note: 2007.year#5.mscode omitted because of collinearity

Fixed-effects (within) regression               Number of obs      =     32293
Group variable: pid                             Number of groups   =      4335

R-sq:  within  = 0.0542                         Obs per group: min =         4
       between = 0.0046                                        avg =       7.4
       overall = 0.0110                                        max =         9

                                                F(23,4334)         =     45.80
corr(u_i, Xb)  = -0.0841                        Prob > F           =    0.0000

                                 (Std. Err. adjusted for 4335 clusters in pid)
------------------------------------------------------------------------------
             |               Robust
 osrape_prop |      Coef.   Std. Err.      t    P>|t|     [95% Conf. Interval]
-------------+----------------------------------------------------------------
      policy |  -.0057164   .0023804    -2.40   0.016    -.0103832   -.0010495
   sizeclass |    .006874   .0017003     4.04   0.000     .0035404    .0102075
 setasideuaa |  -.0005261   .0000628    -8.38   0.000    -.0006492    -.000403
   ln_labour |  -.0066139   .0022595    -2.93   0.003    -.0110435   -.0021842
      ln_ffi |    .000092   .0001245     0.74   0.460     -.000152    .0003361
    solvency |   .0022309   .0036843     0.61   0.545    -.0049921     .009454
   intensity |  -.0270495   .0115655    -2.34   0.019    -.0497237   -.0043753
  specialise |   .0248899   .0059367     4.19   0.000     .0132509     .036529
             |
        year |
       2000  |  -.0168878   .0017745    -9.52   0.000    -.0203667   -.0134089
       2001  |  -.0173424   .0019004    -9.13   0.000    -.0210681   -.0136166
       2002  |  -.0065049   .0019121    -3.40   0.001    -.0102537   -.0027562
       2003  |  -.0072506    .001954    -3.71   0.000    -.0110815   -.0034197
       2004  |   .0011253   .0019693     0.57   0.568    -.0027355    .0049861
       2005  |   .0031816   .0019936     1.60   0.111    -.0007269      .00709
       2006  |    .021005   .0020232    10.38   0.000     .0170386    .0249714
       2007  |  (omitted)
             |
 year#mscode |
     1999 5  |   .0026797   .0034207     0.78   0.433    -.0040267    .0093861
     2000 5  |   .0060741   .0031013     1.96   0.050    -6.10e-06    .0121542
     2001 5  |   .0000134   .0030269     0.00   0.996    -.0059209    .0059477
     2002 5  |  -.0287525   .0027526   -10.45   0.000    -.0341489    -.023356
     2003 5  |  -.0199836    .002718    -7.35   0.000    -.0253123   -.0146549
     2004 5  |  -.0259826   .0026322    -9.87   0.000    -.0311431   -.0208221
     2005 5  |  -.0188678   .0025839    -7.30   0.000    -.0239336   -.0138019
     2006 5  |  -.0282616   .0026073   -10.84   0.000    -.0333733   -.0231499
     2007 5  |  (omitted)
             |
       _cons |   .1158239   .0239857     4.83   0.000     .0687996    .1628482
-------------+----------------------------------------------------------------
     sigma_u |  .10110235
     sigma_e |  .05103336
         rho |  .79694482   (fraction of variance due to u_i)
------------------------------------------------------------------------------

. xtreg oilseedrapeuaa policy sizeclass setasideuaa ln_labour ln_ffi solvency intensity specialise i.
> year year#mscode if [country=="DEU"|country=="FRA"], fe vce(robust)
note: 2007.year omitted because of collinearity
note: 2007.year#5.mscode omitted because of collinearity

Fixed-effects (within) regression               Number of obs      =     32293
Group variable: pid                             Number of groups   =      4335

R-sq:  within  = 0.0757                         Obs per group: min =         4
       between = 0.1613                                        avg =       7.4
       overall = 0.1103                                        max =         9

                                                F(23,4334)         =     35.72
corr(u_i, Xb)  = -0.4882                        Prob > F           =    0.0000

                                 (Std. Err. adjusted for 4335 clusters in pid)
------------------------------------------------------------------------------
             |               Robust
oilseedrap~a |      Coef.   Std. Err.      t    P>|t|     [95% Conf. Interval]
-------------+----------------------------------------------------------------
      policy |  -2.975164   .9955584    -2.99   0.003    -4.926968    -1.02336
   sizeclass |   2.981255   .3140779     9.49   0.000     2.365502    3.597008
 setasideuaa |  -.3627868   .0877889    -4.13   0.000     -.534898   -.1906756
   ln_labour |   .8039866   .6976114     1.15   0.249    -.5636885    2.171662
      ln_ffi |    .003938   .0538541     0.07   0.942    -.1016436    .1095196
    solvency |   .6552538   .6748778     0.97   0.332    -.6678518    1.978359
   intensity |  -4.052749   2.074727    -1.95   0.051    -8.120275    .0147773
  specialise |   6.928742   1.358216     5.10   0.000     4.265943    9.591541
             |
        year |
       2000  |  -4.690772   .5707266    -8.22   0.000    -5.809688   -3.571856
       2001  |  -4.026223   .6527803    -6.17   0.000    -5.306006    -2.74644
       2002  |  -2.056491   .7124727    -2.89   0.004    -3.453302   -.6596804
       2003  |   -1.34245   .7119827    -1.89   0.059    -2.738301       .0534
       2004  |   2.256944   .9165327     2.46   0.014     .4600714    4.053817
       2005  |   3.604387   .8212386     4.39   0.000     1.994339    5.214435
       2006  |   7.033863   .8621345     8.16   0.000     5.343638    8.724087
       2007  |  (omitted)
             |
 year#mscode |
     1999 5  |  -4.170722   1.179627    -3.54   0.000    -6.483395   -1.858049
     2000 5  |  -1.279766   1.078932    -1.19   0.236    -3.395024    .8354926
     2001 5  |  -2.401421   .9460174    -2.54   0.011    -4.256099   -.5467434
     2002 5  |    -6.3836   .8737775    -7.31   0.000    -8.096651    -4.67055
     2003 5  |  -5.882217   .9155527    -6.42   0.000    -7.677169   -4.087266
     2004 5  |   -7.06929    1.01188    -6.99   0.000    -9.053092   -5.085488
     2005 5  |  -6.400041   .8791372    -7.28   0.000    -8.123599   -4.676482
     2006 5  |  -8.516437   .9076424    -9.38   0.000    -10.29588   -6.736994
     2007 5  |  (omitted)
             |
       _cons |  -2.896502   6.166081    -0.47   0.639    -14.98517     9.19217
-------------+----------------------------------------------------------------
     sigma_u |  62.373503
     sigma_e |  14.493833
         rho |  .94876968   (fraction of variance due to u_i)
------------------------------------------------------------------------------

. tabstat energycropsuaa [weight=farmsrepresented] if adopt==1, stat(sum)
(analytic weights assumed)

    variable |       sum
-------------+----------
energycrop~a |  498065.7
------------------------

. clear

. do master_lin

. *************************************************************
. *                                                                                       
. * Patrick R. Gillespie                                  
. * Research Officer                                      
. * Teagasc, REDP                                         
. * Athenry, Co Galway, Ireland                           
. * patrick.gillespie@teagasc.ie                  
. *                                                                                       
. *************************************************************
. * RSF Project DAF RSF 07 505 (GO1390)           
. *                                                                                       
. * A micro level analysis of the Irish   
. * agri-food sector: lessons and                 
. * recommendations from Denmark and      
. * the Netherlands                               
. *                                                                               
. * Task 4
. *
. *************************************************************
. *       How this do file works
. *************************************************************
. * BE SURE TO READ THE FILE README.RTF!!!
. * The data to be used in this analysis is the 
. * FADN data for the years 2004 through 2007.Each 
. * country's data is contained in it's own data 
. * file. Rather than combine them all (would be 
. * a massive file), I'm importing variables as I 
. * need them. Once finished with a variable, I 
. * discard everything until I need it again.
. *
. * This master file calls do files from the 
. * subdirectory called sub_do. Any portion of the 
. * analysis can be omitted by inserting a * in 
. * front of the relevant do command. Output 
. * datasets will be generated by this file and 
. * stored in the subdirectory called output.
. *
. * In order for this do file to run, it must be
. * located in a folder (name is not important)
. * that is itself in the same folder that contains
. * CountryData and CountrySTATAFiles (those names 
. * are important, copy exactly). The datasets in 
. * those folders shouldn't contain any spaces and 
. * should match the list in the global macro "ms" 
. * defined below.
. * 
. * You can easily include or exclude countries
. * to the analysis by altering this macro 
. * (provided the datasets are in the right shape 
. * and are saved as a .dta in CountrySTATAFiles).
. *
. * At the time of writing, the directory 
. * structure in which this file resided was
. * 
. * Task 4
. *  >Data_Analysis
. *   >>CountryData
. *   >>CountrySTATAFiles
. *   >>descriptives
. *    >>>logs
. *    >>>output
. *    >>>sub_do
. *    >>>varname.xls
. *    >>>descriptives.do  <- your viewing this now
. *    >>>README.rtf
. *    >>>blank.dta
. *    >>>energygph.dta
. *************************************************************
. 
. *************************************************************
. *** PRELIMINARIES       *
. *************************
. clear

. clear matrix

. set mem 1500m

Current memory allocation

                    current                                 memory usage
    settable          value     description                 (1M = 1024k)
    --------------------------------------------------------------------
    set maxvar         5000     max. variables allowed           1.909M
    set memory         1500M    max. data space              1,500.000M
    set matsize         800     max. RHS vars in models          4.950M
                                                            -----------
                                                             1,506.859M

. set matsize 800

Current memory allocation

                    current                                 memory usage
    settable          value     description                 (1M = 1024k)
    --------------------------------------------------------------------
    set maxvar         5000     max. variables allowed           1.909M
    set memory         1500M    max. data space              1,500.000M
    set matsize         800     max. RHS vars in models          4.950M
                                                            -----------
                                                             1,506.859M

. capture log close
