-----------------------------------------------------------------------------------------------------
      name:  <unnamed>
       log:  /home/patrickgillespie/Documents/lin_forpatrick/Task 4/Data_Analysis/analysis/logs/resul
> ts/7_Jun_2012_17_00_11.log
  log type:  text
 opened on:   7 Jun 2012, 17:00:11

. 
. 
. ***************************
. * Full panel (w/ and w/o rape, adopter and non-adopter)
. ***************************
. quietly xtreg oilseedrapeuaa policy sizeclass setasideuaa ln_labour ln_ffi solvency intensity speci
> alise i.year year#mscode, fe vce(robust)

. estimates store fulluaa

. 
. quietly xtreg osrape_prop policy sizeclass setasideuaa ln_labour ln_ffi solvency intensity speciali
> se i.year year#mscode, fe vce(robust)

. estimates store fullprop

. 
. ****************************
. * Panel restriction 1 (w/ rape only, adopter and non-adopter)
. ****************************
. quietly xtreg oilseedrapeuaa policy sizeclass setasideuaa ln_labour ln_ffi solvency intensity speci
> alise i.year year#mscode if oilseedrapeuaa>0, fe vce(robust)

. estimates store res1uaa

. 
. quietly xtreg osrape_prop policy sizeclass setasideuaa ln_labour ln_ffi solvency intensity speciali
> se i.year year#mscode if oilseedrapeuaa>0, fe vce(robust)

. estimates store res1prop

. 
. *****************************
. * Panel restriction 2 (w/ and w/o rape, adopters only)
. *****************************
. quietly xtreg oilseedrapeuaa policy sizeclass setasideuaa ln_labour ln_ffi solvency intensity speci
> alise i.year year#mscode if adopt==1, fe vce(robust)

. estimates store res2uaa

. 
. quietly xtreg osrape_prop policy sizeclass setasideuaa ln_labour ln_ffi solvency intensity speciali
> se i.year year#mscode if adopt==1, fe vce(robust)

. estimates store res2prop

. *****************************
. 
. outreg2 policy [*] using "model", word stat(coef se) replace seeout 
Hit Enter to continue. 
model.rtf
dir : seeout

. 
. !!!STOP!!!

. 
. 
. 
. xtreg osrape_prop policy pol_osrprop adopt sizeclass setasideuaa ln_labour ln_ffi solvency intensit
> y i.year year#mscode, vce(robust)
variable pol_osrprop not found
r(111);

end of do-file
r(111);

end of do-file

r(111);

. do master_lin

. *************************************************************
. *                                                                                       
. * Patrick R. Gillespie                                  
. * Research Officer                                      
. * Teagasc, REDP                                         
. * Athenry, Co Galway, Ireland                           
. * patrick.gillespie@teagasc.ie                  
. *                                                                                       
. *************************************************************
. * RSF Project DAF RSF 07 505 (GO1390)           
. *                                                                                       
. * A micro level analysis of the Irish   
. * agri-food sector: lessons and                 
. * recommendations from Denmark and      
. * the Netherlands                               
. *                                                                               
. * Task 4
. *
. *************************************************************
. *       How this do file works
. *************************************************************
. * BE SURE TO READ THE FILE README.RTF!!!
. * The data to be used in this analysis is the 
. * FADN data for the years 2004 through 2007.Each 
. * country's data is contained in it's own data 
. * file. Rather than combine them all (would be 
. * a massive file), I'm importing variables as I 
. * need them. Once finished with a variable, I 
. * discard everything until I need it again.
. *
. * This master file calls do files from the 
. * subdirectory called sub_do. Any portion of the 
. * analysis can be omitted by inserting a * in 
. * front of the relevant do command. Output 
. * datasets will be generated by this file and 
. * stored in the subdirectory called output.
. *
. * In order for this do file to run, it must be
. * located in a folder (name is not important)
. * that is itself in the same folder that contains
. * CountryData and CountrySTATAFiles (those names 
. * are important, copy exactly). The datasets in 
. * those folders shouldn't contain any spaces and 
. * should match the list in the global macro "ms" 
. * defined below.
. * 
. * You can easily include or exclude countries
. * to the analysis by altering this macro 
. * (provided the datasets are in the right shape 
. * and are saved as a .dta in CountrySTATAFiles).
. *
. * At the time of writing, the directory 
. * structure in which this file resided was
. * 
. * Task 4
. *  >Data_Analysis
. *   >>CountryData
. *   >>CountrySTATAFiles
. *   >>descriptives
. *    >>>logs
. *    >>>output
. *    >>>sub_do
. *    >>>varname.xls
. *    >>>descriptives.do  <- your viewing this now
. *    >>>README.rtf
. *    >>>blank.dta
. *    >>>energygph.dta
. *************************************************************
. 
. *************************************************************
. *** PRELIMINARIES       *
. *************************
. clear

. clear matrix

. set mem 1500m

Current memory allocation

                    current                                 memory usage
    settable          value     description                 (1M = 1024k)
    --------------------------------------------------------------------
    set maxvar         5000     max. variables allowed           1.909M
    set memory         1500M    max. data space              1,500.000M
    set matsize         800     max. RHS vars in models          4.950M
                                                            -----------
                                                             1,506.859M

. set matsize 800

Current memory allocation

                    current                                 memory usage
    settable          value     description                 (1M = 1024k)
    --------------------------------------------------------------------
    set maxvar         5000     max. variables allowed           1.909M
    set memory         1500M    max. data space              1,500.000M
    set matsize         800     max. RHS vars in models          4.950M
                                                            -----------
                                                             1,506.859M

. capture log close
